
> @hobfarm/website@0.0.1 preview
> astro preview --host 127.0.0.1 --port 4321

[2m06:20:47[22m [34m[@astrojs/cloudflare][39m Enabling compile-time image optimization. Images will be pre-optimized at build time.
[2m06:20:47[22m [34m[@astrojs/cloudflare][39m Enabling sessions with Cloudflare KV with the "SESSION" KV binding.
[2m06:20:48[22m [34m[@astrojs/cloudflare][39m 
[42m[1m astro [22m[49m [32mv13.7.0[39m [2mready in[22m 110 [2mms[22m

[2m┃[22m Local    [36mhttp://127.0.0.1:4321/[39m

✨ Parsed 96 valid redirect rules.
✨ Parsed 16 valid header rules.
GET /workshop/character-mannequin/avatar-host-system/ 200 OK (11ms)
GET /_astro/index.t6pIp33r.css 200 OK (3ms)
GET /_astro/BaseLayout.BYgK4lvJ.css 200 OK (4ms)
GET /api/auth/me 204 No Content (9ms)
GET /favicon.ico 200 OK (11ms)
GET /favicon.svg 304 Not Modified (15ms)
GET /workshop/character-mannequin/avatar-host-system/ 304 Not Modified (3ms)
GET /api/auth/me 204 No Content (3ms)
GET /favicon.ico 304 Not Modified (3ms)
GET /favicon.ico 304 Not Modified (3ms)
GET /favicon.svg 304 Not Modified (4ms)
GET /favicon.ico 304 Not Modified (3ms)
GET /workshop/character-mannequin/avatar-host-system/ 304 Not Modified (4ms)
GET /api/auth/me 204 No Content (3ms)
GET /favicon.ico 304 Not Modified (4ms)
GET /workshop/character-mannequin/avatar-host-system/ 304 Not Modified (4ms)
GET /api/auth/me 204 No Content (3ms)
GET /favicon.ico 304 Not Modified (3ms)
GET /favicon.ico 304 Not Modified (3ms)
GET /favicon.ico 304 Not Modified (3ms)
GET /workshop/workshop-notes/psygoth/ 200 OK (3ms)
GET /_astro/index.BGrfn9Zl.css 200 OK (3ms)
GET /api/auth/me 204 No Content (2ms)
GET /favicon.ico 304 Not Modified (3ms)
GET /favicon.svg 304 Not Modified (3ms)
GET /workshop/workshop-notes/psygoth/ 304 Not Modified (4ms)
GET /api/auth/me 204 No Content (3ms)
GET /favicon.ico 304 Not Modified (3ms)
GET /favicon.svg 304 Not Modified (3ms)
GET /favicon.ico 304 Not Modified (2ms)
GET /favicon.ico 304 Not Modified (3ms)
GET /workshop/ 200 OK (3ms)
GET /_astro/index.LXAPtGP_.css 200 OK (3ms)
GET /api/auth/me 204 No Content (5ms)
GET /favicon.ico 304 Not Modified (3ms)
GET /favicon.svg 304 Not Modified (3ms)
GET /workshop/ 304 Not Modified (3ms)
GET /api/auth/me 204 No Content (4ms)
GET /favicon.ico 304 Not Modified (3ms)
GET /favicon.ico 304 Not Modified (5ms)
GET /favicon.ico 304 Not Modified (3ms)
GET /departments/hobfarm-presents/ 200 OK (3ms)
GET /_astro/index.CdGTyrs3.css 200 OK (3ms)
GET /api/auth/me 204 No Content (3ms)
GET /favicon.ico 304 Not Modified (4ms)
GET /favicon.svg 304 Not Modified (4ms)
GET /departments/hobfarm-presents/ 304 Not Modified (3ms)
GET /api/auth/me 204 No Content (3ms)
GET /favicon.ico 304 Not Modified (5ms)
GET /favicon.ico 304 Not Modified (3ms)
GET /favicon.ico 304 Not Modified (3ms)
GET /workshop/workshop-notes/psygoth/ 304 Not Modified (3ms)
GET /api/auth/me 204 No Content (3ms)
GET /favicon.ico 304 Not Modified (3ms)
GET /favicon.svg 304 Not Modified (3ms)
GET /workshop/workshop-notes/psygoth/ 304 Not Modified (3ms)
GET /api/auth/me 204 No Content (4ms)
GET /favicon.ico 304 Not Modified (3ms)
GET /favicon.ico 304 Not Modified (3ms)
GET /favicon.ico 304 Not Modified (3ms)
GET /workshop/ 304 Not Modified (4ms)
GET /api/auth/me 204 No Content (3ms)
GET /favicon.ico 304 Not Modified (4ms)
GET /favicon.svg 304 Not Modified (3ms)
GET /workshop/ 304 Not Modified (3ms)
GET /api/auth/me 204 No Content (2ms)
GET /favicon.ico 304 Not Modified (3ms)
GET /favicon.ico 304 Not Modified (3ms)
GET /favicon.ico 304 Not Modified (3ms)
GET /departments/hobfarm-presents/ 304 Not Modified (4ms)
GET /api/auth/me 204 No Content (3ms)
GET /favicon.ico 304 Not Modified (3ms)
GET /favicon.svg 304 Not Modified (6ms)
GET /departments/hobfarm-presents/ 304 Not Modified (3ms)
GET /api/auth/me 204 No Content (3ms)
GET /favicon.ico 304 Not Modified (3ms)
GET /favicon.svg 304 Not Modified (2ms)
GET /favicon.ico 304 Not Modified (2ms)
GET /favicon.ico 304 Not Modified (3ms)
GET /workshop/workshop-notes/psygoth/ 304 Not Modified (4ms)
GET /api/auth/me 204 No Content (3ms)
GET /favicon.ico 304 Not Modified (3ms)
GET /favicon.svg 304 Not Modified (2ms)
GET /workshop/character-mannequin/avatar-host-system/ 200 OK (4ms)
GET /workshop/workshop-notes/psygoth/ 200 OK (2ms)
GET /workshop/ 200 OK (2ms)
GET /departments/hobfarm-presents/ 200 OK (3ms)
